// Jest Snapshot v1, https://goo.gl/fbAQLP

exports[`OptionalErrorOverlay snapshots without error 1`] = `
<input
  type="text"
/>
`;
